src/routes/admin/requests.tsx(9,59): error TS2307: Cannot find module '@/actions/teams.fn' or its corresponding type declarations.
src/routes/admin/requests.tsx(10,45): error TS6142: Module '../admin' was resolved to 'C:/Coding_Projects_Amex/ensemble/src/routes/admin.tsx', but '--jsx' is not set.
src/routes/admin/requests.tsx(12,38): error TS2345: Argument of type '"/admin/requests"' is not assignable to parameter of type 'never'.
src/routes/admin/requests.tsx(14,11): error TS2339: Property 'queryClient' does not exist on type 'never'.
src/routes/admin/requests.tsx(86,3): error TS17004: Cannot use JSX unless the '--jsx' flag is provided.
src/routes/admin/requests.tsx(87,4): error TS17004: Cannot use JSX unless the '--jsx' flag is provided.
src/routes/admin/requests.tsx(88,5): error TS17004: Cannot use JSX unless the '--jsx' flag is provided.
src/routes/admin/requests.tsx(89,5): error TS17004: Cannot use JSX unless the '--jsx' flag is provided.
src/routes/admin/requests.tsx(94,4): error TS17004: Cannot use JSX unless the '--jsx' flag is provided.
src/routes/admin/requests.tsx(95,5): error TS17004: Cannot use JSX unless the '--jsx' flag is provided.
src/routes/admin/requests.tsx(96,6): error TS17004: Cannot use JSX unless the '--jsx' flag is provided.
src/routes/admin/requests.tsx(97,7): error TS17004: Cannot use JSX unless the '--jsx' flag is provided.
src/routes/admin/requests.tsx(98,8): error TS17004: Cannot use JSX unless the '--jsx' flag is provided.
src/routes/admin/requests.tsx(99,9): error TS17004: Cannot use JSX unless the '--jsx' flag is provided.
src/routes/admin/requests.tsx(100,9): error TS17004: Cannot use JSX unless the '--jsx' flag is provided.
src/routes/admin/requests.tsx(101,9): error TS17004: Cannot use JSX unless the '--jsx' flag is provided.
src/routes/admin/requests.tsx(102,9): error TS17004: Cannot use JSX unless the '--jsx' flag is provided.
src/routes/admin/requests.tsx(104,8): error TS17004: Cannot use JSX unless the '--jsx' flag is provided.
src/routes/admin/requests.tsx(104,9): error TS2322: Type '{ children: any; renderEmptyState: () => Element; }' is not assignable to type 'IntrinsicAttributes & TableBodyProps<object>'.
  Property 'children' does not exist on type 'IntrinsicAttributes & TableBodyProps<object>'.
src/routes/admin/requests.tsx(106,10): error TS17004: Cannot use JSX unless the '--jsx' flag is provided.
src/routes/admin/requests.tsx(111,26): error TS2339: Property 'map' does not exist on type 'unknown'.
src/routes/admin/requests.tsx(112,10): error TS17004: Cannot use JSX unless the '--jsx' flag is provided.
src/routes/admin/requests.tsx(112,11): error TS2322: Type '{ children: Element[]; key: any; }' is not assignable to type 'IntrinsicAttributes & TableRowProps<object>'.
  Property 'children' does not exist on type 'IntrinsicAttributes & TableRowProps<object>'.
src/routes/admin/requests.tsx(113,11): error TS17004: Cannot use JSX unless the '--jsx' flag is provided.
src/routes/admin/requests.tsx(113,12): error TS2322: Type '{ children: any; className: string; }' is not assignable to type 'IntrinsicAttributes & Omit<TableCellProps, "ref"> & RefAttributes<HTMLTableCellElement>'.
  Property 'children' does not exist on type 'IntrinsicAttributes & Omit<TableCellProps, "ref"> & RefAttributes<HTMLTableCellElement>'.
src/routes/admin/requests.tsx(116,11): error TS17004: Cannot use JSX unless the '--jsx' flag is provided.
src/routes/admin/requests.tsx(117,12): error TS17004: Cannot use JSX unless the '--jsx' flag is provided.
src/routes/admin/requests.tsx(119,11): error TS17004: Cannot use JSX unless the '--jsx' flag is provided.
src/routes/admin/requests.tsx(119,12): error TS2322: Type '{ children: any; className: string; }' is not assignable to type 'IntrinsicAttributes & Omit<TableCellProps, "ref"> & RefAttributes<HTMLTableCellElement>'.
  Property 'children' does not exist on type 'IntrinsicAttributes & Omit<TableCellProps, "ref"> & RefAttributes<HTMLTableCellElement>'.
src/routes/admin/requests.tsx(122,11): error TS17004: Cannot use JSX unless the '--jsx' flag is provided.
src/routes/admin/requests.tsx(123,12): error TS17004: Cannot use JSX unless the '--jsx' flag is provided.
src/routes/admin/requests.tsx(124,13): error TS17004: Cannot use JSX unless the '--jsx' flag is provided.
src/routes/admin/requests.tsx(124,14): error TS2322: Type '{ children: string; size: "sm"; variant: "primary"; className: string; onClick: () => void; }' is not assignable to type 'IntrinsicAttributes & ButtonRootProps'.
  Property 'children' does not exist on type 'IntrinsicAttributes & ButtonRootProps'.
src/routes/admin/requests.tsx(132,13): error TS17004: Cannot use JSX unless the '--jsx' flag is provided.
src/routes/admin/requests.tsx(132,14): error TS2322: Type '{ children: string; size: "sm"; variant: "danger"; className: string; onClick: () => void; }' is not assignable to type 'IntrinsicAttributes & ButtonRootProps'.
  Property 'children' does not exist on type 'IntrinsicAttributes & ButtonRootProps'.
src/routes/admin/requests.tsx(150,4): error TS17004: Cannot use JSX unless the '--jsx' flag is provided.
src/routes/admin/requests.tsx(156,5): error TS17004: Cannot use JSX unless the '--jsx' flag is provided.
src/routes/admin/requests.tsx(156,6): error TS2559: Type '{ children: Element; }' has no properties in common with type 'IntrinsicAttributes & AlertDialogBackdropProps'.
src/routes/admin/requests.tsx(157,6): error TS17004: Cannot use JSX unless the '--jsx' flag is provided.
src/routes/admin/requests.tsx(158,7): error TS17004: Cannot use JSX unless the '--jsx' flag is provided.
src/routes/admin/requests.tsx(159,8): error TS17004: Cannot use JSX unless the '--jsx' flag is provided.
src/routes/admin/requests.tsx(160,8): error TS17004: Cannot use JSX unless the '--jsx' flag is provided.
src/routes/admin/requests.tsx(161,9): error TS17004: Cannot use JSX unless the '--jsx' flag is provided.
src/routes/admin/requests.tsx(164,9): error TS17004: Cannot use JSX unless the '--jsx' flag is provided.
src/routes/admin/requests.tsx(170,8): error TS17004: Cannot use JSX unless the '--jsx' flag is provided.
src/routes/admin/requests.tsx(171,9): error TS17004: Cannot use JSX unless the '--jsx' flag is provided.
src/routes/admin/requests.tsx(173,10): error TS17004: Cannot use JSX unless the '--jsx' flag is provided.
src/routes/admin/requests.tsx(183,10): error TS17004: Cannot use JSX unless the '--jsx' flag is provided.
src/routes/admin/requests.tsx(185,9): error TS17004: Cannot use JSX unless the '--jsx' flag is provided.
src/routes/admin/requests.tsx(186,10): error TS2322: Type '{ label: string; placeholder: string; value: string; onValueChange: Dispatch<SetStateAction<string>>; isRequired: boolean; className: string; }' is not assignable to type 'IntrinsicAttributes & TextAreaRootProps'.
  Property 'label' does not exist on type 'IntrinsicAttributes & TextAreaRootProps'.
src/routes/admin/requests.tsx(198,8): error TS17004: Cannot use JSX unless the '--jsx' flag is provided.
src/routes/admin/requests.tsx(199,9): error TS17004: Cannot use JSX unless the '--jsx' flag is provided.
src/routes/admin/requests.tsx(199,10): error TS2322: Type '{ children: string; variant: "tertiary"; onClick: () => void; isDisabled: boolean; }' is not assignable to type 'IntrinsicAttributes & ButtonRootProps'.
  Property 'children' does not exist on type 'IntrinsicAttributes & ButtonRootProps'.
src/routes/admin/requests.tsx(208,9): error TS17004: Cannot use JSX unless the '--jsx' flag is provided.
src/routes/admin/requests.tsx(208,10): error TS2322: Type '{ children: string; variant: "primary" | "danger"; onClick: () => Promise<void>; isLoading: boolean; isDisabled: boolean; }' is not assignable to type 'IntrinsicAttributes & ButtonRootProps'.
  Property 'children' does not exist on type 'IntrinsicAttributes & ButtonRootProps'.
